
> infocus@1.0.0 test C:\Users\Admin\.gemini\antigravity\scratch
> turbo run test

ΓÇó Packages in scope: @infocus/api, @infocus/eslint-config, @infocus/jest-config, @infocus/mobile, @infocus/prettier-config, @infocus/shared, @infocus/tsconfig, @infocus/web
ΓÇó Running test in 8 packages
ΓÇó Remote caching disabled
@infocus/shared:build: cache hit, replaying logs 84f699073280d066
@infocus/shared:build: 
@infocus/shared:build: > @infocus/shared@1.0.0 build C:\Users\Admin\.gemini\antigravity\scratch\packages\shared
@infocus/shared:build: > tsc --project tsconfig.json
@infocus/shared:build: 
@infocus/api:build: cache miss, executing 84e739a4385e77cb
@infocus/web:build: cache miss, executing 8b7ba5aa0988bd8c
@infocus/shared:test: cache bypass, force executing 5b076f7b987ce9d8
@infocus/mobile:build: cache hit, replaying logs 08fe691132fad632
@infocus/mobile:build: 
@infocus/mobile:build: > @infocus/mobile@1.0.0 build C:\Users\Admin\.gemini\antigravity\scratch\apps\mobile
@infocus/mobile:build: > echo 'Mobile app build skipped - placeholder only' || true
@infocus/mobile:build: 
@infocus/mobile:build: 'Mobile app build skipped - placeholder only' 
@infocus/mobile:test: cache bypass, force executing bc2e05e0b7ddca70
@infocus/shared:test: 
@infocus/shared:test: > @infocus/shared@1.0.0 test C:\Users\Admin\.gemini\antigravity\scratch\packages\shared
@infocus/shared:test: > jest --config jest.config.cjs
@infocus/shared:test: 
@infocus/web:build: 
@infocus/web:build: > @infocus/web@1.0.0 build C:\Users\Admin\.gemini\antigravity\scratch\apps\web
@infocus/web:build: > next build
@infocus/web:build: 
@infocus/mobile:test: 
@infocus/mobile:test: > @infocus/mobile@1.0.0 test C:\Users\Admin\.gemini\antigravity\scratch\apps\mobile
@infocus/mobile:test: > jest --config jest.config.cjs
@infocus/mobile:test: 
@infocus/api:build: 
@infocus/api:build: > @infocus/api@1.0.0 build C:\Users\Admin\.gemini\antigravity\scratch\apps\api
@infocus/api:build: > tsc --project tsconfig.build.json
@infocus/api:build: 
@infocus/mobile:test: SyntaxError: Unexpected token 'typeof'
@infocus/mobile:test:     at compileSourceTextModule (node:internal/modules/esm/utils:317:16)
@infocus/mobile:test:     at ModuleLoader.moduleStrategy (node:internal/modules/esm/translators:111:18)
@infocus/mobile:test:     at #translate (node:internal/modules/esm/loader:541:20)
@infocus/mobile:test:     at ModuleLoader.getModuleJobForRequire (node:internal/modules/esm/loader:494:33)
@infocus/mobile:test:     at #link (node:internal/modules/esm/module_job:447:34)
@infocus/mobile:test:     at new ModuleJobSync (node:internal/modules/esm/module_job:420:17)
@infocus/mobile:test:     at ModuleLoader.importSyncForRequire (node:internal/modules/esm/loader:422:11)
@infocus/mobile:test:     at loadESMFromCJS (node:internal/modules/cjs/loader:1578:24)
@infocus/mobile:test:     at Module._compile (node:internal/modules/cjs/loader:1743:5)
@infocus/mobile:test:     at Object..js (node:internal/modules/cjs/loader:1893:10)
@infocus/mobile:test: ΓÇëELIFECYCLEΓÇë Test failed. See above for more details.
@infocus/mobile:test: ERROR: command finished with error: command (C:\Users\Admin\.gemini\antigravity\scratch\apps\mobile) C:\Users\Admin\AppData\Local\pnpm\.tools\@pnpm+win-x64\10.22.0\bin\pnpm.CMD run test exited (1)
@infocus/mobile#test: command (C:\Users\Admin\.gemini\antigravity\scratch\apps\mobile) C:\Users\Admin\AppData\Local\pnpm\.tools\@pnpm+win-x64\10.22.0\bin\pnpm.CMD run test exited (1)

 Tasks:    2 successful, 6 total
Cached:    2 cached, 6 total
  Time:    2.3s 
Failed:    @infocus/mobile#test

 ERROR  run failed: command  exited (1)
ΓÇëELIFECYCLEΓÇë Test failed. See above for more details.
